------------------------------------------------------------
TimeQuest Timing Analyzer Summary
------------------------------------------------------------

Type  : Slow 1200mV 85C Model Setup 'clock'
Slack : -31.582
TNS   : -14362.081

Type  : Slow 1200mV 85C Model Hold 'clock'
Slack : 0.236
TNS   : 0.000

Type  : Slow 1200mV 85C Model Recovery 'clock'
Slack : -21.971
TNS   : -4818.805

Type  : Slow 1200mV 85C Model Removal 'clock'
Slack : 2.155
TNS   : 0.000

Type  : Slow 1200mV 85C Model Minimum Pulse Width 'clock'
Slack : -3.000
TNS   : -2733.949

Type  : Slow 1200mV 0C Model Setup 'clock'
Slack : -28.894
TNS   : -13087.484

Type  : Slow 1200mV 0C Model Hold 'clock'
Slack : 0.114
TNS   : 0.000

Type  : Slow 1200mV 0C Model Recovery 'clock'
Slack : -20.180
TNS   : -4396.260

Type  : Slow 1200mV 0C Model Removal 'clock'
Slack : 1.892
TNS   : 0.000

Type  : Slow 1200mV 0C Model Minimum Pulse Width 'clock'
Slack : -3.000
TNS   : -2728.317

Type  : Fast 1200mV 0C Model Setup 'clock'
Slack : -15.121
TNS   : -6465.640

Type  : Fast 1200mV 0C Model Hold 'clock'
Slack : -0.085
TNS   : -0.191

Type  : Fast 1200mV 0C Model Recovery 'clock'
Slack : -10.270
TNS   : -2307.881

Type  : Fast 1200mV 0C Model Removal 'clock'
Slack : 1.061
TNS   : 0.000

Type  : Fast 1200mV 0C Model Minimum Pulse Width 'clock'
Slack : -3.000
TNS   : -2083.620

------------------------------------------------------------
